#-----------------------------------------------------------
# Vivado v2017.4 (64-bit)
# SW Build 2086221 on Fri Dec 15 20:55:39 MST 2017
# IP Build 2085800 on Fri Dec 15 22:25:07 MST 2017
# Start of session at: Sun May 25 23:19:12 2025
# Process ID: 16760
# Current directory: C:/Users/YanJiasheng/Desktop/Timer
# Command line: vivado.exe -gui_launcher_event rodinguilauncherevent14556 C:\Users\YanJiasheng\Desktop\Timer\Timer_G2.xpr
# Log file: C:/Users/YanJiasheng/Desktop/Timer/vivado.log
# Journal file: C:/Users/YanJiasheng/Desktop/Timer\vivado.jou
#-----------------------------------------------------------
start_gui
open_project C:/Users/YanJiasheng/Desktop/Timer/Timer_G2.xpr
update_compile_order -fileset sources_1
open_hw
connect_hw_server
open_hw_target
set_property PROGRAM.FILE {C:/Users/YanJiasheng/Desktop/Timer/Timer_G2.runs/impl_1/task_water.bit} [get_hw_devices xc7a35t_0]
current_hw_device [get_hw_devices xc7a35t_0]
refresh_hw_device -update_hw_probes false [lindex [get_hw_devices xc7a35t_0] 0]
set_property PROBES.FILE {} [get_hw_devices xc7a35t_0]
set_property FULL_PROBES.FILE {} [get_hw_devices xc7a35t_0]
set_property PROGRAM.FILE {C:/Users/YanJiasheng/Desktop/Timer/Timer_G2.runs/impl_1/task_water.bit} [get_hw_devices xc7a35t_0]
program_hw_devices [get_hw_devices xc7a35t_0]
refresh_hw_device [lindex [get_hw_devices xc7a35t_0] 0]
open_run synth_1 -name synth_1
close [ open C:/Users/YanJiasheng/Desktop/Timer/Timer_G2.srcs/sources_1/new/onoff.v w ]
add_files C:/Users/YanJiasheng/Desktop/Timer/Timer_G2.srcs/sources_1/new/onoff.v
update_compile_order -fileset sources_1
close [ open C:/Users/YanJiasheng/Desktop/Timer/Timer_G2.srcs/sources_1/new/debounce.v w ]
add_files C:/Users/YanJiasheng/Desktop/Timer/Timer_G2.srcs/sources_1/new/debounce.v
update_compile_order -fileset sources_1
close [ open C:/Users/YanJiasheng/Desktop/Timer/Timer_G2.srcs/sources_1/new/pwm.v w ]
add_files C:/Users/YanJiasheng/Desktop/Timer/Timer_G2.srcs/sources_1/new/pwm.v
update_compile_order -fileset sources_1
close [ open C:/Users/YanJiasheng/Desktop/Timer/Timer_G2.srcs/sources_1/new/pulse_on_button.v w ]
add_files C:/Users/YanJiasheng/Desktop/Timer/Timer_G2.srcs/sources_1/new/pulse_on_button.v
update_compile_order -fileset sources_1
update_compile_order -fileset sources_1
reset_run synth_1
launch_runs impl_1 -to_step write_bitstream -jobs 4
wait_on_run impl_1
set_property PROBES.FILE {} [get_hw_devices xc7a35t_0]
set_property FULL_PROBES.FILE {} [get_hw_devices xc7a35t_0]
set_property PROGRAM.FILE {C:/Users/YanJiasheng/Desktop/Timer/Timer_G2.runs/impl_1/task_water.bit} [get_hw_devices xc7a35t_0]
program_hw_devices [get_hw_devices xc7a35t_0]
refresh_hw_device [lindex [get_hw_devices xc7a35t_0] 0]
set_property PROBES.FILE {} [get_hw_devices xc7a35t_0]
set_property FULL_PROBES.FILE {} [get_hw_devices xc7a35t_0]
set_property PROGRAM.FILE {C:/Users/YanJiasheng/Desktop/Timer/Timer_G2.runs/impl_1/task_water.bit} [get_hw_devices xc7a35t_0]
program_hw_devices [get_hw_devices xc7a35t_0]
refresh_hw_device [lindex [get_hw_devices xc7a35t_0] 0]
